// Vitest Snapshot v1, https://vitest.dev/guide/snapshot.html

exports[`Button > Render 1`] = `
<div>
  <button
    class="styled__ButtonWrapper-sc-1fzdj0n-0 fgaVpy"
  />
</div>
`;
