// Vitest Snapshot v1, https://vitest.dev/guide/snapshot.html

exports[`TodosListSingle > Render 1`] = `<div />`;

exports[`TodosListSingle > Render without todos_lists 1`] = `<div />`;
