// Vitest Snapshot v1, https://vitest.dev/guide/snapshot.html

exports[`UserInfo > Render 1`] = `
<div>
  <div>
    <div>
      <a
        href="/login"
      >
        Login
      </a>
    </div>
  </div>
</div>
`;

exports[`UserInfo > Render with user 1`] = `
<div>
  <div>
    <div>
      <div>
        test username
      </div>
      <button
        class="styled__ButtonWrapper-sc-f8cd241f-0 bSHSQa"
      >
        Logout
      </button>
    </div>
  </div>
</div>
`;
