// Vitest Snapshot v1, https://vitest.dev/guide/snapshot.html

exports[`CancelButton > Render 1`] = `
<div>
  <button
    class="styled__ButtonWrapper-sc-f8cd241f-0 bSHSQa"
  >
    Cancel
  </button>
</div>
`;
