// Vitest Snapshot v1, https://vitest.dev/guide/snapshot.html

exports[`DeleteButton > Render 1`] = `
<div>
  <button
    class="styled__ButtonWrapper-sc-1fzdj0n-0 jhkPPx"
  >
    <span
      class="styled__ButtonIconsWrapper-sc-1fzdj0n-1 iwTLph"
    >
      <svg
        fill="currentColor"
        height="1em"
        stroke="currentColor"
        stroke-width="0"
        viewBox="0 0 24 24"
        width="1em"
        xmlns="http://www.w3.org/2000/svg"
      >
        <path
          d="M0 0h24v24H0V0z"
          fill="none"
        />
        <path
          d="M6 19c0 1.1.9 2 2 2h8c1.1 0 2-.9 2-2V7H6v12zM8 9h8v10H8V9zm7.5-5l-1-1h-5l-1 1H5v2h14V4z"
        />
      </svg>
    </span>
    Delete
  </button>
</div>
`;
