// Vitest Snapshot v1, https://vitest.dev/guide/snapshot.html

exports[`Link > Render 1`] = `
<div>
  <a
    href="/"
  />
</div>
`;
