// Vitest Snapshot v1, https://vitest.dev/guide/snapshot.html

exports[`GlobalStyles > Render 1`] = `<div />`;
