// Vitest Snapshot v1, https://vitest.dev/guide/snapshot.html

exports[`Container > Render 1`] = `
<div>
  <div
    class="styled__ContainerWrapper-sc-6862f76b-0 jasIgO"
  />
</div>
`;
