// Vitest Snapshot v1, https://vitest.dev/guide/snapshot.html

exports[`Panel > Render 1`] = `
<div>
  <article
    class="styled__PanelWrapper-sc-hifdw9-0 ekCCrh"
  />
</div>
`;
