// Vitest Snapshot v1, https://vitest.dev/guide/snapshot.html

exports[`Input > Render 1`] = `
<div>
  <form>
    <div
      class="styled__InputWrapper-sc-f06926e2-2 bMkOPf"
    >
      <input
        class="styled__InputElement-sc-f06926e2-1 ekMEKq"
        data-has-placeholder="false"
        id=":r0:"
        name="test"
        placeholder=" "
        type="text"
        value=""
      />
      <label
        class="styled__InputLabel-sc-f06926e2-0 eomqRx"
        for=":r0:"
      />
    </div>
  </form>
</div>
`;
